<?xml version="1.0" encoding="utf-8"?><testsuites name="pytest tests"><testsuite name="pytest" errors="0" failures="0" skipped="0" tests="21" time="0.156" timestamp="2025-08-19T15:53:31.854226+02:00" hostname="Timos-MacBook-Pro-2.local"><testcase classname="binary_wheel_builder.api.wheel_sources.github_test" name="test_github_release_binary_wheel_source[v-404]" time="0.005" /><testcase classname="binary_wheel_builder.api.wheel_sources.github_test" name="test_github_release_binary_wheel_source[-404]" time="0.001" /><testcase classname="binary_wheel_builder.api.wheel_sources.gitlab_package_registry_test" name="test_gitlab_package_registry_binary_wheel_source[v-404]" time="0.001" /><testcase classname="binary_wheel_builder.api.wheel_sources.gitlab_package_registry_test" name="test_gitlab_package_registry_binary_wheel_source[-404]" time="0.001" /><testcase classname="binary_wheel_builder.api.wheel_sources.platform_based_file_test" name="test_platform_based_file_invalid" time="0.000" /><testcase classname="binary_wheel_builder.api.wheel_sources.platform_based_file_test" name="test_platform_based_file_valid" time="0.001" /><testcase classname="binary_wheel_builder.cli.yaml_test" name="test_tag_well_known_platform_valid" time="0.001" /><testcase classname="binary_wheel_builder.cli.yaml_test" name="test_tag_well_known_platform_invalid" time="0.000" /><testcase classname="binary_wheel_builder.cli.yaml_test" name="test_tag_file_content_valid" time="0.001" /><testcase classname="binary_wheel_builder.cli.yaml_test" name="test_tag_file_content_not_found" time="0.000" /><testcase classname="binary_wheel_builder.cli.yaml_test" name="test_tag_platform_identifier" time="0.000" /><testcase classname="binary_wheel_builder.cli.yaml_test" name="test_tag_platform_identifier_unknown_field" time="0.001" /><testcase classname="binary_wheel_builder.cli.yaml_test" name="test_tag_wheel_source" time="0.001" /><testcase classname="binary_wheel_builder.cli.yaml_test" name="test_tag_wheel_source_unknown" time="0.001" /><testcase classname="binary_wheel_builder.cli.yaml_test" name="test_tag_wheel_source_empty" time="0.000" /><testcase classname="binary_wheel_builder.cli.yaml_test" name="test_tag_env_var_exists" time="0.000" /><testcase classname="binary_wheel_builder.cli.yaml_test" name="test_tag_env_var_not_set" time="0.000" /><testcase classname="binary_wheel_builder.wheel.reproducible_test" name="test_reproducible_wheel_zipfile" time="0.001" /><testcase classname="binary_wheel_builder.wheel.util_test" name="test_generate_wheel_file" time="0.003" /><testcase classname="binary_wheel_builder.wheel.util_test" name="test_generate_metadata_file" time="0.000" /><testcase classname="binary_wheel_builder.wrapper_templates_test" name="test__preprocess" time="0.000" /></testsuite></testsuites>